// Jest Snapshot v1, https://goo.gl/fbAQLP

exports[`Nav should match snapshot 1`] = `
ShallowWrapper {
  Symbol(enzyme.__root__): [Circular],
  Symbol(enzyme.__unrendered__): <Nav
    selectedIndex={0}
    updateIndex={[MockFunction]}
  />,
  Symbol(enzyme.__renderer__): Object {
    "batchedUpdates": [Function],
    "getNode": [Function],
    "render": [Function],
    "simulateError": [Function],
    "simulateEvent": [Function],
    "unmount": [Function],
  },
  Symbol(enzyme.__node__): Object {
    "instance": null,
    "key": undefined,
    "nodeType": "function",
    "props": Object {
      "buttonStyle": Object {
        "opacity": 0.5,
      },
      "buttons": Array [
        Object {
          "element": [Function],
        },
        Object {
          "element": [Function],
        },
        Object {
          "element": [Function],
        },
      ],
      "containerStyle": Object {
        "borderWidth": 0,
        "height": "15%",
        "marginLeft": 0,
        "marginTop": 0,
        "width": "100%",
      },
      "innerBorderStyle": Object {
        "color": "transparent",
      },
      "onPress": [MockFunction],
      "selectedButtonStyle": Object {
        "opacity": 1,
      },
      "selectedIndex": 0,
    },
    "ref": null,
    "rendered": null,
    "type": [Function],
  },
  Symbol(enzyme.__nodes__): Array [
    Object {
      "instance": null,
      "key": undefined,
      "nodeType": "function",
      "props": Object {
        "buttonStyle": Object {
          "opacity": 0.5,
        },
        "buttons": Array [
          Object {
            "element": [Function],
          },
          Object {
            "element": [Function],
          },
          Object {
            "element": [Function],
          },
        ],
        "containerStyle": Object {
          "borderWidth": 0,
          "height": "15%",
          "marginLeft": 0,
          "marginTop": 0,
          "width": "100%",
        },
        "innerBorderStyle": Object {
          "color": "transparent",
        },
        "onPress": [MockFunction],
        "selectedButtonStyle": Object {
          "opacity": 1,
        },
        "selectedIndex": 0,
      },
      "ref": null,
      "rendered": null,
      "type": [Function],
    },
  ],
  Symbol(enzyme.__options__): Object {
    "adapter": ReactSixteenAdapter {
      "options": Object {
        "enableComponentDidUpdateOnSetState": true,
        "lifecycles": Object {
          "componentDidUpdate": Object {
            "onSetState": true,
          },
          "getDerivedStateFromProps": true,
          "getSnapshotBeforeUpdate": true,
          "setState": Object {
            "skipsComponentDidUpdateOnNullish": true,
          },
        },
      },
    },
  },
}
`;
